[2026-01-29 15:51:44] This is codeql database create webgoat-java-db --language=java --source-root=/Users/lousix/sec/CodeQL/JavaProject/WebGoat
[2026-01-29 15:51:44] Log file was started late.
[2026-01-29 15:51:44] [PROGRESS] database create> Initializing database at /Users/lousix/sec/ai4sec/Lousix_code/webgoat-java-db.
[2026-01-29 15:51:44] Running plumbing command: codeql database init --language=java --extractor-options-verbosity=1 --qlconfig-file=/Users/lousix/sec/ai4sec/Lousix_code/qlconfig.yml --source-root=/Users/lousix/sec/CodeQL/JavaProject/WebGoat --allow-missing-source-root=false --allow-already-existing -- /Users/lousix/sec/ai4sec/Lousix_code/webgoat-java-db
[2026-01-29 15:51:44] Calling plumbing command: codeql resolve languages --extractor-options-verbosity=1 --format=betterjson
[2026-01-29 15:51:44] [DETAILS] resolve languages> Scanning for [codeql-extractor.yml] from /Users/lousix/sec/CodeQL/codeql/.codeqlmanifest.json
[2026-01-29 15:51:44] [DETAILS] resolve languages> Parsing /Users/lousix/sec/CodeQL/codeql/go/codeql-extractor.yml.
[2026-01-29 15:51:44] [DETAILS] resolve languages> Parsing /Users/lousix/sec/CodeQL/codeql/python/codeql-extractor.yml.
[2026-01-29 15:51:44] [DETAILS] resolve languages> Parsing /Users/lousix/sec/CodeQL/codeql/rust/codeql-extractor.yml.
[2026-01-29 15:51:44] [DETAILS] resolve languages> Parsing /Users/lousix/sec/CodeQL/codeql/java/codeql-extractor.yml.
[2026-01-29 15:51:44] [DETAILS] resolve languages> Parsing /Users/lousix/sec/CodeQL/codeql/html/codeql-extractor.yml.
[2026-01-29 15:51:44] [DETAILS] resolve languages> Parsing /Users/lousix/sec/CodeQL/codeql/xml/codeql-extractor.yml.
[2026-01-29 15:51:44] [DETAILS] resolve languages> Parsing /Users/lousix/sec/CodeQL/codeql/properties/codeql-extractor.yml.
[2026-01-29 15:51:44] [DETAILS] resolve languages> Parsing /Users/lousix/sec/CodeQL/codeql/cpp/codeql-extractor.yml.
[2026-01-29 15:51:44] [DETAILS] resolve languages> Parsing /Users/lousix/sec/CodeQL/codeql/swift/codeql-extractor.yml.
[2026-01-29 15:51:44] [DETAILS] resolve languages> Parsing /Users/lousix/sec/CodeQL/codeql/csv/codeql-extractor.yml.
[2026-01-29 15:51:44] [DETAILS] resolve languages> Parsing /Users/lousix/sec/CodeQL/codeql/actions/codeql-extractor.yml.
[2026-01-29 15:51:44] [DETAILS] resolve languages> Parsing /Users/lousix/sec/CodeQL/codeql/yaml/codeql-extractor.yml.
[2026-01-29 15:51:44] [DETAILS] resolve languages> Parsing /Users/lousix/sec/CodeQL/codeql/csharp/codeql-extractor.yml.
[2026-01-29 15:51:44] [DETAILS] resolve languages> Parsing /Users/lousix/sec/CodeQL/codeql/javascript/codeql-extractor.yml.
[2026-01-29 15:51:44] [DETAILS] resolve languages> Parsing /Users/lousix/sec/CodeQL/codeql/ruby/codeql-extractor.yml.
[2026-01-29 15:51:44] Plumbing command codeql resolve languages completed:
                      {
                        "aliases" : {
                          "c" : "cpp",
                          "c++" : "cpp",
                          "c-c++" : "cpp",
                          "c-cpp" : "cpp",
                          "c#" : "csharp",
                          "java-kotlin" : "java",
                          "kotlin" : "java",
                          "javascript-typescript" : "javascript",
                          "typescript" : "javascript"
                        },
                        "extractors" : {
                          "go" : [
                            {
                              "extractor_root" : "/Users/lousix/sec/CodeQL/codeql/go",
                              "extractor_options" : {
                                "extract_tests" : {
                                  "title" : "Whether to include Go test files in the CodeQL database.",
                                  "description" : "A value indicating whether Go test files should be included in the CodeQL database. The default is 'false'.\n",
                                  "type" : "string",
                                  "pattern" : "^(false|true)$"
                                },
                                "extract_vendor_dirs" : {
                                  "title" : "Whether to include Go vendor directories in the CodeQL database.",
                                  "description" : "A value indicating whether Go vendor directories should be included in the CodeQL database. The default is 'false'.\n",
                                  "type" : "string",
                                  "pattern" : "^(false|true)$"
                                }
                              }
                            }
                          ],
                          "python" : [
                            {
                              "extractor_root" : "/Users/lousix/sec/CodeQL/codeql/python",
                              "extractor_options" : {
                                "logging" : {
                                  "title" : "Options pertaining to logging.",
                                  "description" : "Options pertaining to logging.",
                                  "type" : "object",
                                  "properties" : {
                                    "verbosity" : {
                                      "title" : "Python extractor logging verbosity level.",
                                      "description" : "Controls the level of verbosity of the CodeQL Python extractor.\nThe supported levels are (in order of increasing verbosity):\n\n  - off\n  - errors\n  - warnings\n  - info or progress\n  - debug or progress+\n  - trace or progress++\n  - progress+++\n",
                                      "type" : "string",
                                      "pattern" : "^(off|errors|warnings|(info|progress)|(debug|progress\\+)|(trace|progress\\+\\+)|progress\\+\\+\\+)$"
                                    }
                                  }
                                },
                                "python_executable_name" : {
                                  "title" : "Controls the name of the Python executable used by the Python extractor.",
                                  "description" : "The Python extractor uses platform-dependent heuristics to determine the name of the Python executable to use. Specifying a value for this option overrides the name of the Python executable used by the extractor. Accepted values are py, python and python3. Use this setting with caution, the Python extractor requires Python 3 to run.\n",
                                  "type" : "string",
                                  "pattern" : "^(py|python|python3)$"
                                }
                              }
                            }
                          ],
                          "rust" : [
                            {
                              "extractor_root" : "/Users/lousix/sec/CodeQL/codeql/rust",
                              "extractor_options" : {
                                "trap" : {
                                  "title" : "Options pertaining to TRAP.",
                                  "description" : "Options pertaining to TRAP.",
                                  "type" : "object",
                                  "properties" : {
                                    "compression" : {
                                      "title" : "Controls compression for the TRAP files written by the extractor.",
                                      "description" : "This option is only intended for use in debugging the extractor. Accepted values are 'gzip' (to write gzip-compressed TRAP) 'zstd' (to write Zstandard-compressed TRAP) and 'none' (the default, to write uncompressed TRAP).\n",
                                      "type" : "string",
                                      "pattern" : "^(none|gzip|zstd)$"
                                    }
                                  }
                                },
                                "cargo_target_dir" : {
                                  "title" : "Directory to use for cargo output files.",
                                  "description" : "This value is an optional path to use as `CARGO_TARGET_DIR` for the internal cargo commands the extractor uses. Pointing it to a persistent directory may reduce execution time of consecutive extractor runs. By default, a new scratch directory is used for each run.\n",
                                  "type" : "string"
                                },
                                "cargo_target" : {
                                  "title" : "Target architecture",
                                  "description" : "Target architecture to use for analysis, analogous to `cargo --target`. By default the host architecture is used.\n",
                                  "type" : "string"
                                },
                                "cargo_features" : {
                                  "title" : "Cargo features to turn on",
                                  "description" : "Comma-separated list of features to turn on. By default all features are enabled. If any features are specified, then only those features are enabled. The `default` feature must be explicitly specified if only default features are desired. Can be repeated.\n",
                                  "type" : "array"
                                },
                                "cargo_cfg_overrides" : {
                                  "title" : "Cargo cfg overrides",
                                  "description" : "Comma-separated list of cfg settings to enable, or disable if prefixed with `-`. Can be repeated.\n",
                                  "type" : "array"
                                },
                                "logging" : {
                                  "title" : "Options pertaining to logging.",
                                  "description" : "Options pertaining to logging.",
                                  "type" : "object",
                                  "properties" : {
                                    "verbosity" : {
                                      "title" : "Extractor logging verbosity level.",
                                      "description" : "Controls the level of verbosity of the extractor. The supported levels are (in order of increasing verbosity):\n  - off\n  - errors\n  - warnings\n  - info or progress\n  - debug or progress+\n  - trace or progress++\n  - progress+++\n",
                                      "type" : "string",
                                      "pattern" : "^(off|errors|warnings|(info|progress)|(debug|progress\\+)|(trace|progress\\+\\+)|progress\\+\\+\\+)$"
                                    },
                                    "flamegraph" : {
                                      "title" : "[Experimental] File path for write flame graph log",
                                      "description" : "Collect flame graph data using the `tracing-flame` crate. To render a flame graph or chart, run the `inferno-flamegraph` command. See also: https://crates.io/crates/tracing-flame\n",
                                      "type" : "string"
                                    }
                                  }
                                },
                                "extract_dependencies_as_source" : {
                                  "title" : "Extract dependencies as source code",
                                  "description" : "Extract the full source code of dependencies instead of only extracting signatures.\n",
                                  "type" : "string",
                                  "pattern" : "^(false|true)$"
                                }
                              }
                            }
                          ],
                          "java" : [
                            {
                              "extractor_root" : "/Users/lousix/sec/CodeQL/codeql/java",
                              "extractor_options" : {
                                "exclude" : {
                                  "title" : "A glob excluding files from analysis.",
                                  "description" : "A glob indicating what files to exclude from the analysis. This accepts glob patterns that are supported by Java's 'getPathMatcher' implementation.\n",
                                  "type" : "string"
                                },
                                "add_prefer_source" : {
                                  "title" : "Whether to always prefer source files over class files.",
                                  "description" : "A value indicating whether source files should be preferred over class files. If set to 'true', the extraction adds '-Xprefer:source' to the javac command line. If set to 'false', the extraction uses the default javac behavior ('-Xprefer:newer'). The default is 'true'.\n",
                                  "type" : "string",
                                  "pattern" : "^(false|true)$"
                                },
                                "buildless" : {
                                  "title" : "Whether to use buildless (standalone) extraction (experimental).",
                                  "description" : "A value indicating, which type of extraction the autobuilder should perform. If 'true', then the standalone extractor will be used, otherwise tracing extraction will be performed. The default is 'false'. Note that buildless extraction will generally yield less accurate analysis results, and should only be used in cases where it is not possible to build the code (for example if it uses inaccessible dependencies).\n",
                                  "type" : "string",
                                  "pattern" : "^(false|true)$"
                                },
                                "buildless_dependency_dir" : {
                                  "title" : "The path where buildless (standalone) extraction should keep dependencies.",
                                  "description" : "If set, the buildless (standalone) extractor will store dependencies in this directory.\n",
                                  "type" : "string"
                                },
                                "minimize_dependency_jars" : {
                                  "title" : "Whether to rewrite and minimize downloaded JAR dependencies (experimental).",
                                  "description" : "If 'true', JAR dependencies downloaded during extraction will be rewritten to remove unneeded data, such as method bodies. The default is 'false'.\n",
                                  "type" : "string",
                                  "pattern" : "^(false|true)$"
                                }
                              }
                            }
                          ],
                          "html" : [
                            {
                              "extractor_root" : "/Users/lousix/sec/CodeQL/codeql/html"
                            }
                          ],
                          "xml" : [
                            {
                              "extractor_root" : "/Users/lousix/sec/CodeQL/codeql/xml"
                            }
                          ],
                          "properties" : [
                            {
                              "extractor_root" : "/Users/lousix/sec/CodeQL/codeql/properties"
                            }
                          ],
                          "cpp" : [
                            {
                              "extractor_root" : "/Users/lousix/sec/CodeQL/codeql/cpp",
                              "extractor_options" : {
                                "scale_timeouts" : {
                                  "title" : "Value to scale compiler introspection timeouts with",
                                  "description" : "The extractor attempts to determine what compiler the source code being extracted is compiled with. To this end the extractor makes additional calls to the compiler, some of which are expected to return within a certain fixed time (either 10s or 15s). On some systems that are under high load this time might be too short, and can be scaled up using this option.\n",
                                  "type" : "string",
                                  "pattern" : "[0-9]+"
                                },
                                "log_verbosity" : {
                                  "title" : "Verbosity of the extractor logging",
                                  "description" : "Set the verbosity of the extractor logging to 'quiet' (0), 'normal' (1), 'chatty' (2), or 'noisy' (3). The default is 'normal'.\n",
                                  "type" : "string",
                                  "pattern" : "[0-3]"
                                }
                              }
                            }
                          ],
                          "swift" : [
                            {
                              "extractor_root" : "/Users/lousix/sec/CodeQL/codeql/swift"
                            }
                          ],
                          "csv" : [
                            {
                              "extractor_root" : "/Users/lousix/sec/CodeQL/codeql/csv"
                            }
                          ],
                          "actions" : [
                            {
                              "extractor_root" : "/Users/lousix/sec/CodeQL/codeql/actions",
                              "extractor_options" : { }
                            }
                          ],
                          "yaml" : [
                            {
                              "extractor_root" : "/Users/lousix/sec/CodeQL/codeql/yaml"
                            }
                          ],
                          "csharp" : [
                            {
                              "extractor_root" : "/Users/lousix/sec/CodeQL/codeql/csharp",
                              "extractor_options" : {
                                "trap" : {
                                  "title" : "Options pertaining to TRAP.",
                                  "description" : "Options pertaining to TRAP.",
                                  "type" : "object",
                                  "properties" : {
                                    "compression" : {
                                      "title" : "Controls compression for the TRAP files written by the extractor.",
                                      "description" : "This option is only intended for use in debugging the extractor. Accepted values are 'brotli' (the default, to write brotli-compressed TRAP), 'gzip', and 'none' (to write uncompressed TRAP).\n",
                                      "type" : "string",
                                      "pattern" : "^(none|gzip|brotli)$"
                                    }
                                  }
                                },
                                "buildless" : {
                                  "title" : "DEPRECATED - Whether to use buildless (standalone) extraction.",
                                  "description" : "DEPRECATED: Use `--build-mode none` instead.\nA value indicating, which type of extraction the autobuilder should perform. If 'true', then the standalone extractor will be used, otherwise tracing extraction will be performed. The default is 'false'. Note that buildless extraction will generally yield less accurate analysis results, and should only be used in cases where it is not possible to build the code (for example if it uses inaccessible dependencies).\n",
                                  "type" : "string",
                                  "pattern" : "^(false|true)$"
                                },
                                "logging" : {
                                  "title" : "Options pertaining to logging.",
                                  "description" : "Options pertaining to logging.",
                                  "type" : "object",
                                  "properties" : {
                                    "verbosity" : {
                                      "title" : "Extractor logging verbosity level.",
                                      "description" : "Controls the level of verbosity of the extractor. The supported levels are (in order of increasing verbosity):\n  - off\n  - errors\n  - warnings\n  - info or progress\n  - debug or progress+\n  - trace or progress++\n  - progress+++\n",
                                      "type" : "string",
                                      "pattern" : "^(off|errors|warnings|(info|progress)|(debug|progress\\+)|(trace|progress\\+\\+)|progress\\+\\+\\+)$"
                                    }
                                  }
                                },
                                "binlog" : {
                                  "title" : "Binlog",
                                  "description" : "[EXPERIMENTAL] The value is a path to the MsBuild binary log file that should be extracted. This option only works when `--build-mode none` is also specified.\n",
                                  "type" : "array"
                                },
                                "buildless_dependency_dir" : {
                                  "title" : "The path where buildless (standalone) extraction should keep dependencies.",
                                  "description" : "If set, the buildless (standalone) extractor will store dependencies in this directory.\n",
                                  "type" : "string"
                                }
                              }
                            }
                          ],
                          "javascript" : [
                            {
                              "extractor_root" : "/Users/lousix/sec/CodeQL/codeql/javascript",
                              "extractor_options" : {
                                "skip_types" : {
                                  "title" : "Skip type extraction for TypeScript",
                                  "description" : "Whether to skip the extraction of types in a TypeScript application",
                                  "type" : "string",
                                  "pattern" : "^(false|true)$"
                                }
                              }
                            }
                          ],
                          "ruby" : [
                            {
                              "extractor_root" : "/Users/lousix/sec/CodeQL/codeql/ruby",
                              "extractor_options" : {
                                "trap" : {
                                  "title" : "Options pertaining to TRAP.",
                                  "description" : "Options pertaining to TRAP.",
                                  "type" : "object",
                                  "properties" : {
                                    "compression" : {
                                      "title" : "Controls compression for the TRAP files written by the extractor.",
                                      "description" : "This option is only intended for use in debugging the extractor. Accepted values are 'gzip' (the default, to write gzip-compressed TRAP) 'zstd' (to write Zstandard-compressed TRAP) and 'none' (to write uncompressed TRAP).\n",
                                      "type" : "string",
                                      "pattern" : "^(none|gzip|zstd)$"
                                    }
                                  }
                                }
                              }
                            }
                          ]
                        }
                      }
[2026-01-29 15:51:44] [PROGRESS] database init> Calculating baseline information in /Users/lousix/sec/CodeQL/JavaProject/WebGoat
[2026-01-29 15:51:44] [SPAMMY] database init> Ignoring the following directories when processing baseline information: .git, .hg, .svn.
[2026-01-29 15:51:44] [DETAILS] database init> Running command in /Users/lousix/sec/CodeQL/JavaProject/WebGoat: /Users/lousix/sec/CodeQL/codeql/tools/osx64/scc --by-file --exclude-dir .git,.hg,.svn --format json --no-large --no-min .
[2026-01-29 15:51:44] Using configure-baseline script /Users/lousix/sec/CodeQL/codeql/javascript/tools/configure-baseline.sh.
[2026-01-29 15:51:44] [PROGRESS] database init> Running command in /Users/lousix/sec/CodeQL/JavaProject/WebGoat: [/Users/lousix/sec/CodeQL/codeql/javascript/tools/configure-baseline.sh]
[2026-01-29 15:51:44] [SPAMMY] database init> Ignored an additional 2 files when processing baseline information for JavaScript due to paths and paths-ignore configuration.
[2026-01-29 15:51:44] Using configure-baseline script /Users/lousix/sec/CodeQL/codeql/actions/tools/configure-baseline.sh.
[2026-01-29 15:51:44] [PROGRESS] database init> Running command in /Users/lousix/sec/CodeQL/JavaProject/WebGoat: [/Users/lousix/sec/CodeQL/codeql/actions/tools/configure-baseline.sh]
[2026-01-29 15:51:44] [SPAMMY] database init> Ignored an additional 5 files when processing baseline information for YAML due to paths and paths-ignore configuration.
[2026-01-29 15:51:44] [SPAMMY] database init> Found 354 baseline files for java.
[2026-01-29 15:51:44] [SPAMMY] database init> Found 82 baseline files for javascript.
[2026-01-29 15:51:44] [SPAMMY] database init> Found 5 baseline files for actions.
[2026-01-29 15:51:44] [PROGRESS] database init> Calculated baseline information for languages: actions, java, javascript (216ms).
[2026-01-29 15:51:46] [PROGRESS] database init> Resolving extractor java.
[2026-01-29 15:51:46] [DETAILS] database init> Found candidate extractor root for java: /Users/lousix/sec/CodeQL/codeql/java.
[2026-01-29 15:51:46] [PROGRESS] database init> Successfully loaded extractor Java/Kotlin (java) from /Users/lousix/sec/CodeQL/codeql/java.
[2026-01-29 15:51:46] [SPAMMY] database init> Determining macOS System Integrity Protection status...
[2026-01-29 15:51:46] [SPAMMY] database init> Running command [/usr/bin/csrutil, status].
[2026-01-29 15:51:46] [SPAMMY] database init> SIP is enabled.
[2026-01-29 15:51:46] [PROGRESS] database init> Created skeleton CodeQL database at /Users/lousix/sec/ai4sec/Lousix_code/webgoat-java-db. This in-progress database is ready to be populated by an extractor.
[2026-01-29 15:51:46] Plumbing command codeql database init completed.
[2026-01-29 15:51:46] Using autobuild script /Users/lousix/sec/CodeQL/codeql/java/tools/autobuild.sh.
[2026-01-29 15:51:46] [DETAILS] database create> Detected autobuild command for Java/Kotlin: /Users/lousix/sec/CodeQL/codeql/java/tools/autobuild.sh.
[2026-01-29 15:51:46] [PROGRESS] database create> Running build command: [/Users/lousix/sec/CodeQL/codeql/java/tools/autobuild.sh]
[2026-01-29 15:51:46] Running plumbing command: codeql database trace-command --working-dir=/Users/lousix/sec/CodeQL/JavaProject/WebGoat --index-traceless-dbs --no-db-cluster -- /Users/lousix/sec/ai4sec/Lousix_code/webgoat-java-db /Users/lousix/sec/CodeQL/codeql/java/tools/autobuild.sh
[2026-01-29 15:51:46] [PROGRESS] database trace-command> Running command in /Users/lousix/sec/CodeQL/JavaProject/WebGoat: [/Users/lousix/sec/CodeQL/codeql/java/tools/autobuild.sh]
[2026-01-29 15:51:49] [build-stdout] [2026-01-29 15:51:49] Build directory is .
[2026-01-29 15:51:50] [build-stdout] [2026-01-29 15:51:50] Found 1 POM files to scan for Java version
[2026-01-29 15:51:50] [build-stdout] [2026-01-29 15:51:50] Found POM: /Users/lousix/sec/CodeQL/JavaProject/WebGoat/./pom.xml
[2026-01-29 15:51:50] [build-stdout] [2026-01-29 15:51:50] POM /Users/lousix/sec/CodeQL/JavaProject/WebGoat/./pom.xml uses Java 17
[2026-01-29 15:51:50] [build-stdout] [2026-01-29 15:51:50] Selected Java version 17 (highest across all pom files)
[2026-01-29 15:51:50] [build-stdout] [2026-01-29 15:51:50] Found no Java toolchains in a toolchains file, inspecting environment variables...
[2026-01-29 15:51:50] [build-stdout] [2026-01-29 15:51:50] [WARN] Project targets Java 17 but no JDK 17 or higher found in toolchains, Maven will use system default
[2026-01-29 15:51:50] [build-stdout] [2026-01-29 15:51:50] [autobuild] > /Users/lousix/sec/CodeQL/JavaProject/WebGoat/./mvnw clean package -f pom.xml -B -V -e -Dfindbugs.skip -Dcheckstyle.skip -Dpmd.skip=true -Dspotbugs.skip -Denforcer.skip -Dmaven.javadoc.skip -DskipTests -Dmaven.test.skip.exec -Dlicense.skip=true -Drat.skip=true -Dspotless.check.skip=true -s /Users/lousix/.m2/settings.xml
[2026-01-29 15:51:53] [build-stdout] [2026-01-29 15:51:53] [autobuild] Apache Maven 3.8.1 (05c21c65bdfed0f71a2f2ada8b84da59348c4c5d)
[2026-01-29 15:51:53] [build-stdout] [2026-01-29 15:51:53] [autobuild] Maven home: /Users/lousix/.m2/wrapper/dists/apache-maven-3.8.1-bin/2l5mhf2pq2clrde7f7qp1rdt5m/apache-maven-3.8.1
[2026-01-29 15:51:53] [build-stdout] [2026-01-29 15:51:53] [autobuild] Java version: 17.0.8, vendor: Oracle Corporation, runtime: /Library/Java/JavaVirtualMachines/jdk-17.jdk/Contents/Home
[2026-01-29 15:51:53] [build-stdout] [2026-01-29 15:51:53] [autobuild] Default locale: zh_CN_#Hans, platform encoding: UTF-8
[2026-01-29 15:51:53] [build-stdout] [2026-01-29 15:51:53] [autobuild] OS name: "mac os x", version: "26.2", arch: "aarch64", family: "mac"
[2026-01-29 15:51:54] [build-stdout] [2026-01-29 15:51:54] [autobuild] [INFO] Error stacktraces are turned on.
[2026-01-29 15:51:54] [build-stdout] [2026-01-29 15:51:54] [autobuild] [INFO] Scanning for projects...
[2026-01-29 15:51:54] [build-stdout] [2026-01-29 15:51:54] [autobuild] [INFO] 
[2026-01-29 15:51:54] [build-stdout] [2026-01-29 15:51:54] [autobuild] [INFO] ---------------------< org.owasp.webgoat:webgoat >----------------------
[2026-01-29 15:51:54] [build-stdout] [2026-01-29 15:51:54] [autobuild] [INFO] Building WebGoat 2023.5-SNAPSHOT
[2026-01-29 15:51:54] [build-stdout] [2026-01-29 15:51:54] [autobuild] [INFO] --------------------------------[ jar ]---------------------------------
[2026-01-29 15:51:55] [build-stdout] [2026-01-29 15:51:55] [autobuild] [INFO] 
[2026-01-29 15:51:55] [build-stdout] [2026-01-29 15:51:55] [autobuild] [INFO] --- maven-clean-plugin:3.2.0:clean (default-clean) @ webgoat ---
[2026-01-29 15:51:55] [build-stdout] [2026-01-29 15:51:55] [autobuild] [INFO] Deleting /Users/lousix/sec/CodeQL/JavaProject/WebGoat/target
[2026-01-29 15:51:55] [build-stdout] [2026-01-29 15:51:55] [autobuild] [INFO] 
[2026-01-29 15:51:55] [build-stdout] [2026-01-29 15:51:55] [autobuild] [INFO] --- maven-enforcer-plugin:3.3.0:enforce (restrict-log4j-versions) @ webgoat ---
[2026-01-29 15:51:55] [build-stdout] [2026-01-29 15:51:55] [autobuild] [INFO] Skipping Rule Enforcement.
[2026-01-29 15:51:55] [build-stdout] [2026-01-29 15:51:55] [autobuild] [INFO] 
[2026-01-29 15:51:55] [build-stdout] [2026-01-29 15:51:55] [autobuild] [INFO] --- maven-resources-plugin:3.3.1:resources (default-resources) @ webgoat ---
[2026-01-29 15:51:55] [build-stdout] [2026-01-29 15:51:55] [autobuild] [INFO] Copying 2 resources from src/main/resources to target/classes
[2026-01-29 15:51:55] [build-stdout] [2026-01-29 15:51:55] [autobuild] [INFO] Copying 645 resources from src/main/resources to target/classes
[2026-01-29 15:51:55] [build-stdout] [2026-01-29 15:51:55] [autobuild] [INFO] 
[2026-01-29 15:51:55] [build-stdout] [2026-01-29 15:51:55] [autobuild] [INFO] --- build-helper-maven-plugin:3.3.0:reserve-network-port (reserve-container-port) @ webgoat ---
[2026-01-29 15:51:55] [build-stdout] [2026-01-29 15:51:55] [autobuild] [INFO] Reserved port 55703 for webgoat.port
[2026-01-29 15:51:55] [build-stdout] [2026-01-29 15:51:55] [autobuild] [INFO] Reserved port 55704 for webwolf.port
[2026-01-29 15:51:55] [build-stdout] [2026-01-29 15:51:55] [autobuild] [INFO] Reserved port 55705 for jmxPort
[2026-01-29 15:51:55] [build-stdout] [2026-01-29 15:51:55] [autobuild] [INFO] 
[2026-01-29 15:51:55] [build-stdout] [2026-01-29 15:51:55] [autobuild] [INFO] --- maven-compiler-plugin:3.8.0:compile (default-compile) @ webgoat ---
[2026-01-29 15:51:55] [build-stdout] [2026-01-29 15:51:55] [autobuild] [INFO] Changes detected - recompiling the module!
[2026-01-29 15:51:56] [build-stdout] [2026-01-29 15:51:56] [autobuild] [INFO] Compiling 257 source files to /Users/lousix/sec/CodeQL/JavaProject/WebGoat/target/classes
[2026-01-29 15:52:13] [ERROR] Spawned process exited abnormally (code 143; tried to run: [/Users/lousix/sec/CodeQL/codeql/tools/osx64/preload_tracer, /Users/lousix/sec/CodeQL/codeql/java/tools/autobuild.sh])
