[2026-01-29 15:52:00] [javac-extractor-91649] Starting extraction for:
                                              sun.java.command=com.semmle.extractor.java.JavaExtractor --jdk-version 17 --javac-args @@@/Users/lousix/sec/ai4sec/Lousix_code/webgoat-java-db/log/ext/javac.args
                                              user.dir=/Users/lousix/sec/CodeQL/JavaProject/WebGoat
[2026-01-29 15:52:00] [javac-extractor-91649] Compilation name /Users/lousix/sec/ai4sec/Lousix_code/webgoat-java-db/trap/java/diagnostics/diagnostic.trap.gz
[2026-01-29 15:52:00] [javac-extractor-91649] Annotation processors enabled, and lombok usage detected in file: /Users/lousix/sec/CodeQL/JavaProject/WebGoat/src/main/java/org/owasp/webgoat/container/LessonTemplateResolver.java
[2026-01-29 15:52:00] [javac-extractor-91649] Annotation processors enabled, and lombok usage detected in file: /Users/lousix/sec/CodeQL/JavaProject/WebGoat/src/main/java/org/owasp/webgoat/lessons/passwordreset/PasswordResetEmail.java
[2026-01-29 15:52:00] [javac-extractor-91649] Annotation processors enabled, and lombok usage detected in file: /Users/lousix/sec/CodeQL/JavaProject/WebGoat/src/main/java/org/owasp/webgoat/lessons/hijacksession/cas/Authentication.java
[2026-01-29 15:52:00] [javac-extractor-91649] Annotation processors enabled, and lombok usage detected in file: /Users/lousix/sec/CodeQL/JavaProject/WebGoat/src/main/java/org/owasp/webgoat/container/lessons/Hint.java
[2026-01-29 15:52:00] [javac-extractor-91649] Annotation processors enabled, and lombok usage detected in file: /Users/lousix/sec/CodeQL/JavaProject/WebGoat/src/main/java/org/owasp/webgoat/container/users/UserForm.java
[2026-01-29 15:52:00] [javac-extractor-91649] Annotation processors enabled, and lombok usage detected in file: /Users/lousix/sec/CodeQL/JavaProject/WebGoat/src/main/java/org/owasp/webgoat/container/session/Course.java
[2026-01-29 15:52:00] [javac-extractor-91649] Annotation processors enabled, and lombok usage detected in file: /Users/lousix/sec/CodeQL/JavaProject/WebGoat/src/main/java/org/owasp/webgoat/container/WebSecurityConfig.java
[2026-01-29 15:52:00] [javac-extractor-91649] Annotation processors enabled, and lombok usage detected in file: /Users/lousix/sec/CodeQL/JavaProject/WebGoat/src/main/java/org/dummy/insecure/framework/VulnerableTaskHolder.java
[2026-01-29 15:52:00] [javac-extractor-91649] Annotation processors enabled, and lombok usage detected in file: /Users/lousix/sec/CodeQL/JavaProject/WebGoat/src/main/java/org/owasp/webgoat/container/AsciiDoctorTemplateResolver.java
[2026-01-29 15:52:00] [javac-extractor-91649] Annotation processors enabled, and lombok usage detected in file: /Users/lousix/sec/CodeQL/JavaProject/WebGoat/src/main/java/org/owasp/webgoat/webwolf/mailbox/MailboxController.java
[2026-01-29 15:52:00] [javac-extractor-91649] Annotation processors enabled, and lombok usage detected in file: /Users/lousix/sec/CodeQL/JavaProject/WebGoat/src/main/java/org/owasp/webgoat/lessons/clientsidefiltering/Salaries.java
[2026-01-29 15:52:00] [javac-extractor-91649] Annotation processors enabled, and lombok usage detected in file: /Users/lousix/sec/CodeQL/JavaProject/WebGoat/src/main/java/org/owasp/webgoat/lessons/challenges/challenge1/Assignment1.java
[2026-01-29 15:52:00] [javac-extractor-91649] Annotation processors enabled, and lombok usage detected in file: /Users/lousix/sec/CodeQL/JavaProject/WebGoat/src/main/java/org/owasp/webgoat/container/assignments/AttackResult.java
[2026-01-29 15:52:00] [javac-extractor-91649] Annotation processors enabled, and lombok usage detected in file: /Users/lousix/sec/CodeQL/JavaProject/WebGoat/src/main/java/org/owasp/webgoat/lessons/xxe/Ping.java
[2026-01-29 15:52:00] [javac-extractor-91649] Annotation processors enabled, and lombok usage detected in file: /Users/lousix/sec/CodeQL/JavaProject/WebGoat/src/main/java/org/owasp/webgoat/lessons/csrf/Review.java
[2026-01-29 15:52:00] [javac-extractor-91649] Annotation processors enabled, and lombok usage detected in file: /Users/lousix/sec/CodeQL/JavaProject/WebGoat/src/main/java/org/owasp/webgoat/lessons/lessontemplate/SampleAttack.java
[2026-01-29 15:52:00] [javac-extractor-91649] Annotation processors enabled, and lombok usage detected in file: /Users/lousix/sec/CodeQL/JavaProject/WebGoat/src/main/java/org/owasp/webgoat/lessons/xxe/Comment.java
[2026-01-29 15:52:00] [javac-extractor-91649] Annotation processors enabled, and lombok usage detected in file: /Users/lousix/sec/CodeQL/JavaProject/WebGoat/src/main/java/org/owasp/webgoat/container/lessons/LessonInfoModel.java
[2026-01-29 15:52:00] [javac-extractor-91649] Annotation processors enabled, and lombok usage detected in file: /Users/lousix/sec/CodeQL/JavaProject/WebGoat/src/main/java/org/owasp/webgoat/container/users/LessonTracker.java
[2026-01-29 15:52:00] [javac-extractor-91649] Annotation processors enabled, and lombok usage detected in file: /Users/lousix/sec/CodeQL/JavaProject/WebGoat/src/main/java/org/owasp/webgoat/lessons/challenges/challenge5/Assignment5.java
[2026-01-29 15:52:00] [javac-extractor-91649] Annotation processors enabled, and lombok usage detected in file: /Users/lousix/sec/CodeQL/JavaProject/WebGoat/src/main/java/org/owasp/webgoat/container/users/Scoreboard.java
[2026-01-29 15:52:00] [javac-extractor-91649] Annotation processors enabled, and lombok usage detected in file: /Users/lousix/sec/CodeQL/JavaProject/WebGoat/src/main/java/org/owasp/webgoat/container/WebWolfRedirect.java
[2026-01-29 15:52:00] [javac-extractor-91649] Annotation processors enabled, and lombok usage detected in file: /Users/lousix/sec/CodeQL/JavaProject/WebGoat/src/main/java/org/owasp/webgoat/webwolf/requests/Requests.java
[2026-01-29 15:52:00] [javac-extractor-91649] Annotation processors enabled, and lombok usage detected in file: /Users/lousix/sec/CodeQL/JavaProject/WebGoat/src/main/java/org/owasp/webgoat/container/lessons/CourseConfiguration.java
[2026-01-29 15:52:00] [javac-extractor-91649] Annotation processors enabled, and lombok usage detected in file: /Users/lousix/sec/CodeQL/JavaProject/WebGoat/src/main/java/org/owasp/webgoat/webwolf/requests/LandingPage.java
[2026-01-29 15:52:00] [javac-extractor-91649] Annotation processors enabled, and lombok usage detected in file: /Users/lousix/sec/CodeQL/JavaProject/WebGoat/src/main/java/org/owasp/webgoat/container/service/LabelService.java
[2026-01-29 15:52:00] [javac-extractor-91649] Annotation processors enabled, and lombok usage detected in file: /Users/lousix/sec/CodeQL/JavaProject/WebGoat/src/main/java/org/owasp/webgoat/lessons/challenges/challenge7/Assignment7.java
[2026-01-29 15:52:00] [javac-extractor-91649] Annotation processors enabled, and lombok usage detected in file: /Users/lousix/sec/CodeQL/JavaProject/WebGoat/src/main/java/org/owasp/webgoat/lessons/missingac/DisplayUser.java
[2026-01-29 15:52:00] [javac-extractor-91649] Annotation processors enabled, and lombok usage detected in file: /Users/lousix/sec/CodeQL/JavaProject/WebGoat/src/main/java/org/owasp/webgoat/container/service/LessonMenuService.java
[2026-01-29 15:52:00] [javac-extractor-91649] Annotation processors enabled, and lombok usage detected in file: /Users/lousix/sec/CodeQL/JavaProject/WebGoat/src/main/java/org/owasp/webgoat/lessons/missingac/MissingFunctionACYourHash.java
[2026-01-29 15:52:00] [javac-extractor-91649] Annotation processors enabled, and lombok usage detected in file: /Users/lousix/sec/CodeQL/JavaProject/WebGoat/src/main/java/org/owasp/webgoat/lessons/vulnerablecomponents/ContactImpl.java
[2026-01-29 15:52:00] [javac-extractor-91649] Annotation processors enabled, and lombok usage detected in file: /Users/lousix/sec/CodeQL/JavaProject/WebGoat/src/main/java/org/owasp/webgoat/server/StartWebGoat.java
[2026-01-29 15:52:00] [javac-extractor-91649] Annotation processors enabled, and lombok usage detected in file: /Users/lousix/sec/CodeQL/JavaProject/WebGoat/src/main/java/org/owasp/webgoat/container/service/LessonProgressService.java
[2026-01-29 15:52:00] [javac-extractor-91649] Annotation processors enabled, and lombok usage detected in file: /Users/lousix/sec/CodeQL/JavaProject/WebGoat/src/main/java/org/owasp/webgoat/container/lessons/LessonScanner.java
[2026-01-29 15:52:00] [javac-extractor-91649] Annotation processors enabled, and lombok usage detected in file: /Users/lousix/sec/CodeQL/JavaProject/WebGoat/src/main/java/org/owasp/webgoat/lessons/pathtraversal/ProfileUploadRetrieval.java
[2026-01-29 15:52:00] [javac-extractor-91649] Annotation processors enabled, and lombok usage detected in file: /Users/lousix/sec/CodeQL/JavaProject/WebGoat/src/main/java/org/owasp/webgoat/lessons/challenges/FlagController.java
[2026-01-29 15:52:00] [javac-extractor-91649] Annotation processors enabled, and lombok usage detected in file: /Users/lousix/sec/CodeQL/JavaProject/WebGoat/src/main/java/org/owasp/webgoat/container/users/WebGoatUser.java
[2026-01-29 15:52:00] [javac-extractor-91649] Annotation processors enabled, and lombok usage detected in file: /Users/lousix/sec/CodeQL/JavaProject/WebGoat/src/main/java/org/owasp/webgoat/container/service/EnvironmentService.java
[2026-01-29 15:52:00] [javac-extractor-91649] Annotation processors enabled, and lombok usage detected in file: /Users/lousix/sec/CodeQL/JavaProject/WebGoat/src/main/java/org/owasp/webgoat/container/service/LabelDebugService.java
[2026-01-29 15:52:00] [javac-extractor-91649] Annotation processors enabled, and lombok usage detected in file: /Users/lousix/sec/CodeQL/JavaProject/WebGoat/src/main/java/org/owasp/webgoat/lessons/challenges/Email.java
[2026-01-29 15:52:00] [javac-extractor-91649] Annotation processors enabled, and lombok usage detected in file: /Users/lousix/sec/CodeQL/JavaProject/WebGoat/src/main/java/org/owasp/webgoat/lessons/xxe/CommentsEndpoint.java
[2026-01-29 15:52:00] [javac-extractor-91649] Annotation processors enabled, and lombok usage detected in file: /Users/lousix/sec/CodeQL/JavaProject/WebGoat/src/main/java/org/owasp/webgoat/lessons/passwordreset/resetlink/PasswordChangeForm.java
[2026-01-29 15:52:00] [javac-extractor-91649] Annotation processors enabled, and lombok usage detected in file: /Users/lousix/sec/CodeQL/JavaProject/WebGoat/src/main/java/org/owasp/webgoat/webwolf/jwt/JWTToken.java
[2026-01-29 15:52:00] [javac-extractor-91649] Annotation processors enabled, and lombok usage detected in file: /Users/lousix/sec/CodeQL/JavaProject/WebGoat/src/main/java/org/owasp/webgoat/webwolf/user/WebGoatUser.java
[2026-01-29 15:52:00] [javac-extractor-91649] Annotation processors enabled, and lombok usage detected in file: /Users/lousix/sec/CodeQL/JavaProject/WebGoat/src/main/java/org/owasp/webgoat/lessons/sqlinjection/mitigation/SqlInjectionLesson10a.java
[2026-01-29 15:52:00] [javac-extractor-91649] Annotation processors enabled, and lombok usage detected in file: /Users/lousix/sec/CodeQL/JavaProject/WebGoat/src/main/java/org/owasp/webgoat/container/users/RegistrationController.java
[2026-01-29 15:52:00] [javac-extractor-91649] Annotation processors enabled, and lombok usage detected in file: /Users/lousix/sec/CodeQL/JavaProject/WebGoat/src/main/java/org/owasp/webgoat/lessons/cryptography/CryptoUtil.java
[2026-01-29 15:52:00] [javac-extractor-91649] Annotation processors enabled, and lombok usage detected in file: /Users/lousix/sec/CodeQL/JavaProject/WebGoat/src/main/java/org/owasp/webgoat/lessons/cryptography/SigningAssignment.java
[2026-01-29 15:52:00] [javac-extractor-91649] Annotation processors enabled, and lombok usage detected in file: /Users/lousix/sec/CodeQL/JavaProject/WebGoat/src/main/java/org/owasp/webgoat/lessons/xss/Comment.java
[2026-01-29 15:52:00] [javac-extractor-91649] Annotation processors enabled, and lombok usage detected in file: /Users/lousix/sec/CodeQL/JavaProject/WebGoat/src/main/java/org/owasp/webgoat/lessons/challenges/challenge8/Assignment8.java
[2026-01-29 15:52:00] [javac-extractor-91649] Annotation processors enabled, and lombok usage detected in file: /Users/lousix/sec/CodeQL/JavaProject/WebGoat/src/main/java/org/owasp/webgoat/lessons/clientsidefiltering/ShopEndpoint.java
[2026-01-29 15:52:00] [javac-extractor-91649] Annotation processors enabled, and lombok usage detected in file: /Users/lousix/sec/CodeQL/JavaProject/WebGoat/src/main/java/org/owasp/webgoat/lessons/missingac/User.java
[2026-01-29 15:52:00] [javac-extractor-91649] Annotation processors enabled, and lombok usage detected in file: /Users/lousix/sec/CodeQL/JavaProject/WebGoat/src/main/java/org/owasp/webgoat/container/lessons/Lesson.java
[2026-01-29 15:52:00] [javac-extractor-91649] Annotation processors enabled, and lombok usage detected in file: /Users/lousix/sec/CodeQL/JavaProject/WebGoat/src/main/java/org/owasp/webgoat/lessons/pathtraversal/ProfileZipSlip.java
[2026-01-29 15:52:00] [javac-extractor-91649] Annotation processors enabled, and lombok usage detected in file: /Users/lousix/sec/CodeQL/JavaProject/WebGoat/src/main/java/org/owasp/webgoat/webwolf/requests/WebWolfTraceRepository.java
[2026-01-29 15:52:00] [javac-extractor-91649] Annotation processors enabled, and lombok usage detected in file: /Users/lousix/sec/CodeQL/JavaProject/WebGoat/src/main/java/org/owasp/webgoat/container/service/RestartLessonService.java
[2026-01-29 15:52:00] [javac-extractor-91649] Annotation processors enabled, and lombok usage detected in file: /Users/lousix/sec/CodeQL/JavaProject/WebGoat/src/main/java/org/owasp/webgoat/container/MvcConfiguration.java
[2026-01-29 15:52:00] [javac-extractor-91649] Annotation processors enabled, and lombok usage detected in file: /Users/lousix/sec/CodeQL/JavaProject/WebGoat/src/main/java/org/owasp/webgoat/container/users/UserService.java
[2026-01-29 15:52:00] [javac-extractor-91649] Annotation processors enabled, and lombok usage detected in file: /Users/lousix/sec/CodeQL/JavaProject/WebGoat/src/main/java/org/owasp/webgoat/container/lessons/Assignment.java
[2026-01-29 15:52:00] [javac-extractor-91649] Annotation processors enabled, and lombok usage detected in file: /Users/lousix/sec/CodeQL/JavaProject/WebGoat/src/main/java/org/owasp/webgoat/container/HammerHead.java
[2026-01-29 15:52:00] [javac-extractor-91649] Annotation processors enabled, and lombok usage detected in file: /Users/lousix/sec/CodeQL/JavaProject/WebGoat/src/main/java/org/owasp/webgoat/webwolf/WebSecurityConfig.java
[2026-01-29 15:52:00] [javac-extractor-91649] Annotation processors enabled, and lombok usage detected in file: /Users/lousix/sec/CodeQL/JavaProject/WebGoat/src/main/java/org/owasp/webgoat/lessons/sqlinjection/mitigation/SqlInjectionLesson13.java
[2026-01-29 15:52:00] [javac-extractor-91649] Annotation processors enabled, and lombok usage detected in file: /Users/lousix/sec/CodeQL/JavaProject/WebGoat/src/main/java/org/owasp/webgoat/container/service/SessionService.java
[2026-01-29 15:52:00] [javac-extractor-91649] Annotation processors enabled, and lombok usage detected in file: /Users/lousix/sec/CodeQL/JavaProject/WebGoat/src/main/java/org/owasp/webgoat/lessons/sqlinjection/mitigation/Servers.java
[2026-01-29 15:52:00] [javac-extractor-91649] Annotation processors enabled, and lombok usage detected in file: /Users/lousix/sec/CodeQL/JavaProject/WebGoat/src/main/java/org/owasp/webgoat/lessons/idor/IDORViewOwnProfile.java
[2026-01-29 15:52:00] [javac-extractor-91649] Annotation processors enabled, and lombok usage detected in file: /Users/lousix/sec/CodeQL/JavaProject/WebGoat/src/main/java/org/owasp/webgoat/container/DatabaseConfiguration.java
[2026-01-29 15:52:00] [javac-extractor-91649] Annotation processors enabled, and lombok usage detected in file: /Users/lousix/sec/CodeQL/JavaProject/WebGoat/src/main/java/org/owasp/webgoat/webwolf/FileServer.java
[2026-01-29 15:52:00] [javac-extractor-91649] Annotation processors enabled, and lombok usage detected in file: /Users/lousix/sec/CodeQL/JavaProject/WebGoat/src/main/java/org/owasp/webgoat/server/StartupMessage.java
[2026-01-29 15:52:00] [javac-extractor-91649] Annotation processors enabled, and lombok usage detected in file: /Users/lousix/sec/CodeQL/JavaProject/WebGoat/src/main/java/org/owasp/webgoat/lessons/webwolfintroduction/Email.java
[2026-01-29 15:52:00] [javac-extractor-91649] Annotation processors enabled, and lombok usage detected in file: /Users/lousix/sec/CodeQL/JavaProject/WebGoat/src/main/java/org/owasp/webgoat/lessons/missingac/MissingFunctionACUsers.java
[2026-01-29 15:52:00] [javac-extractor-91649] Annotation processors enabled, and lombok usage detected in file: /Users/lousix/sec/CodeQL/JavaProject/WebGoat/src/main/java/org/owasp/webgoat/container/i18n/Messages.java
[2026-01-29 15:52:00] [javac-extractor-91649] Annotation processors enabled, and lombok usage detected in file: /Users/lousix/sec/CodeQL/JavaProject/WebGoat/src/main/java/org/owasp/webgoat/lessons/pathtraversal/ProfileUploadBase.java
[2026-01-29 15:52:00] [javac-extractor-91649] Annotation processors enabled, and lombok usage detected in file: /Users/lousix/sec/CodeQL/JavaProject/WebGoat/src/main/java/org/owasp/webgoat/container/assignments/AssignmentEndpoint.java
[2026-01-29 15:52:00] [javac-extractor-91649] Annotation processors enabled, and lombok usage detected in file: /Users/lousix/sec/CodeQL/JavaProject/WebGoat/src/main/java/org/owasp/webgoat/lessons/jwt/votes/Vote.java
[2026-01-29 15:52:00] [javac-extractor-91649] Annotation processors enabled, and lombok usage detected in file: /Users/lousix/sec/CodeQL/JavaProject/WebGoat/src/main/java/org/owasp/webgoat/container/lessons/Category.java
[2026-01-29 15:52:00] [javac-extractor-91649] Annotation processors enabled, and lombok usage detected in file: /Users/lousix/sec/CodeQL/JavaProject/WebGoat/src/main/java/org/owasp/webgoat/container/users/UserValidator.java
[2026-01-29 15:52:00] [javac-extractor-91649] Annotation processors enabled, and lombok usage detected in file: /Users/lousix/sec/CodeQL/JavaProject/WebGoat/src/main/java/org/owasp/webgoat/container/service/LessonInfoService.java
[2026-01-29 15:52:00] [javac-extractor-91649] Annotation processors enabled, and lombok usage detected in file: /Users/lousix/sec/CodeQL/JavaProject/WebGoat/src/main/java/org/owasp/webgoat/lessons/sqlinjection/advanced/SqlInjectionChallenge.java
[2026-01-29 15:52:00] [javac-extractor-91649] Annotation processors enabled, and lombok usage detected in file: /Users/lousix/sec/CodeQL/JavaProject/WebGoat/src/main/java/org/owasp/webgoat/container/users/UserTracker.java
[2026-01-29 15:52:00] [javac-extractor-91649] Annotation processors enabled, and lombok usage detected in file: /Users/lousix/sec/CodeQL/JavaProject/WebGoat/src/main/java/org/owasp/webgoat/container/i18n/Language.java
[2026-01-29 15:52:00] [javac-extractor-91649] Annotation processors enabled, and lombok usage detected in file: /Users/lousix/sec/CodeQL/JavaProject/WebGoat/src/main/java/org/owasp/webgoat/webwolf/mailbox/Email.java
[2026-01-29 15:52:00] [javac-extractor-91649] Annotation processors enabled, and lombok usage detected in file: /Users/lousix/sec/CodeQL/JavaProject/WebGoat/src/main/java/org/owasp/webgoat/lessons/xxe/BlindSendFileAssignment.java
[2026-01-29 15:52:00] [javac-extractor-91649] Annotation processors enabled, and lombok usage detected in file: /Users/lousix/sec/CodeQL/JavaProject/WebGoat/src/main/java/org/owasp/webgoat/container/service/ReportCardService.java
[2026-01-29 15:52:00] [javac-extractor-91649] Annotation processors enabled, and lombok usage detected in file: /Users/lousix/sec/CodeQL/JavaProject/WebGoat/src/main/java/org/owasp/webgoat/container/users/UserSession.java
[2026-01-29 15:52:00] [javac-extractor-91649] [WARN] Appending source destination directory /Users/lousix/sec/CodeQL/JavaProject/WebGoat/target/generated-sources/annotations to sourcepath
[2026-01-29 15:52:02] [javac-extractor-91649] Annotation processor class 'lombok.launch.AnnotationProcessorHider$AnnotationProcessor' initialized.
[2026-01-29 15:52:02] [javac-extractor-91649] Annotation processor class 'lombok.launch.AnnotationProcessorHider$ClaimingProcessor' initialized.
[2026-01-29 15:52:03] [javac-extractor-91649] 257 files will be passed to the attrib/flow phase
[2026-01-29 15:52:03] [javac-extractor-91649] Processing file /Users/lousix/sec/CodeQL/JavaProject/WebGoat/src/main/java/org/owasp/webgoat/container/LessonTemplateResolver.java
[2026-01-29 15:52:05] [javac-extractor-91649] Processing module java.base
[2026-01-29 15:52:05] [javac-extractor-91649] Processing JAR file: /usr/local/apache-maven-3.5.4/repository/org/projectlombok/lombok/1.18.30/lombok-1.18.30.jar
[2026-01-29 15:52:05] [javac-extractor-91649] Processing JAR file: /usr/local/apache-maven-3.5.4/repository/org/springframework/spring-core/6.0.13/spring-core-6.0.13.jar
[2026-01-29 15:52:05] [javac-extractor-91649] Processing JAR file: /usr/local/apache-maven-3.5.4/repository/org/thymeleaf/thymeleaf/3.1.1.RELEASE/thymeleaf-3.1.1.RELEASE.jar
[2026-01-29 15:52:05] [javac-extractor-91649] Processing JAR file: /usr/local/apache-maven-3.5.4/repository/org/slf4j/slf4j-api/2.0.9/slf4j-api-2.0.9.jar
[2026-01-29 15:52:05] [javac-extractor-91649] Processing JAR file: /usr/local/apache-maven-3.5.4/repository/com/google/code/findbugs/jsr305/3.0.2/jsr305-3.0.2.jar
[2026-01-29 15:52:05] [javac-extractor-91649] Processing file /Users/lousix/sec/CodeQL/JavaProject/WebGoat/src/main/java/org/owasp/webgoat/lessons/passwordreset/PasswordResetEmail.java
[2026-01-29 15:52:05] [javac-extractor-91649] Processing file /Users/lousix/sec/CodeQL/JavaProject/WebGoat/src/main/java/org/owasp/webgoat/lessons/httpproxies/HttpProxies.java
[2026-01-29 15:52:05] [javac-extractor-91649] Processing JAR file: /usr/local/apache-maven-3.5.4/repository/org/springframework/spring-context/6.0.13/spring-context-6.0.13.jar
[2026-01-29 15:52:05] [javac-extractor-91649] Processing JAR file: /usr/local/apache-maven-3.5.4/repository/jakarta/persistence/jakarta.persistence-api/3.1.0/jakarta.persistence-api-3.1.0.jar
[2026-01-29 15:52:05] [javac-extractor-91649] Processing file /Users/lousix/sec/CodeQL/JavaProject/WebGoat/src/main/java/org/owasp/webgoat/container/lessons/Lesson.java
[2026-01-29 15:52:05] [javac-extractor-91649] Processing file /Users/lousix/sec/CodeQL/JavaProject/WebGoat/src/main/java/org/owasp/webgoat/container/lessons/Category.java
[2026-01-29 15:52:05] [javac-extractor-91649] Processing file /Users/lousix/sec/CodeQL/JavaProject/WebGoat/src/main/java/org/owasp/webgoat/container/lessons/Assignment.java
[2026-01-29 15:52:05] [javac-extractor-91649] Processing file /Users/lousix/sec/CodeQL/JavaProject/WebGoat/src/main/java/org/owasp/webgoat/lessons/hijacksession/cas/Authentication.java
[2026-01-29 15:52:05] [javac-extractor-91649] Processing file /Users/lousix/sec/CodeQL/JavaProject/WebGoat/src/main/java/org/owasp/webgoat/lessons/sqlinjection/mitigation/SqlInjectionLesson10b.java
[2026-01-29 15:52:05] [javac-extractor-91649] Processing module java.compiler
[2026-01-29 15:52:05] [javac-extractor-91649] Processing JAR file: /usr/local/apache-maven-3.5.4/repository/org/springframework/spring-web/6.0.13/spring-web-6.0.13.jar
[2026-01-29 15:52:05] [javac-extractor-91649] Processing JAR file: /usr/local/apache-maven-3.5.4/repository/org/springframework/security/spring-security-core/6.1.5/spring-security-core-6.1.5.jar
[2026-01-29 15:52:05] [javac-extractor-91649] Processing JAR file: /usr/local/apache-maven-3.5.4/repository/org/springframework/spring-webmvc/6.0.13/spring-webmvc-6.0.13.jar
[2026-01-29 15:52:05] [javac-extractor-91649] Processing JAR file: /usr/local/apache-maven-3.5.4/repository/org/springframework/spring-beans/6.0.13/spring-beans-6.0.13.jar
[2026-01-29 15:52:05] [javac-extractor-91649] Processing JAR file: /usr/local/apache-maven-3.5.4/repository/jakarta/servlet/jakarta.servlet-api/6.0.0/jakarta.servlet-api-6.0.0.jar
[2026-01-29 15:52:05] [javac-extractor-91649] Processing JAR file: /usr/local/apache-maven-3.5.4/repository/org/springframework/spring-jcl/6.0.13/spring-jcl-6.0.13.jar
[2026-01-29 15:52:05] [javac-extractor-91649] Processing file /Users/lousix/sec/CodeQL/JavaProject/WebGoat/src/main/java/org/owasp/webgoat/container/assignments/AssignmentEndpoint.java
[2026-01-29 15:52:05] [javac-extractor-91649] Processing file /Users/lousix/sec/CodeQL/JavaProject/WebGoat/src/main/java/org/owasp/webgoat/container/lessons/Initializeable.java
[2026-01-29 15:52:05] [javac-extractor-91649] Processing file /Users/lousix/sec/CodeQL/JavaProject/WebGoat/src/main/java/org/owasp/webgoat/container/assignments/AssignmentHints.java
[2026-01-29 15:52:05] [javac-extractor-91649] Processing file /Users/lousix/sec/CodeQL/JavaProject/WebGoat/src/main/java/org/owasp/webgoat/container/assignments/AttackResult.java
[2026-01-29 15:52:05] [javac-extractor-91649] Processing JAR file: /usr/local/apache-maven-3.5.4/repository/org/apache/commons/commons-text/1.10.0/commons-text-1.10.0.jar
[2026-01-29 15:52:05] [javac-extractor-91649] Processing file /Users/lousix/sec/CodeQL/JavaProject/WebGoat/src/main/java/org/owasp/webgoat/container/i18n/PluginMessages.java
[2026-01-29 15:52:05] [javac-extractor-91649] Processing file /Users/lousix/sec/CodeQL/JavaProject/WebGoat/src/main/java/org/owasp/webgoat/container/i18n/Language.java
[2026-01-29 15:52:06] [javac-extractor-91649] Processing file /Users/lousix/sec/CodeQL/JavaProject/WebGoat/src/main/java/org/owasp/webgoat/container/i18n/Messages.java
[2026-01-29 15:52:06] [javac-extractor-91649] Processing file /Users/lousix/sec/CodeQL/JavaProject/WebGoat/src/main/java/org/owasp/webgoat/container/session/WebSession.java
[2026-01-29 15:52:06] [javac-extractor-91649] Processing file /Users/lousix/sec/CodeQL/JavaProject/WebGoat/src/main/java/org/owasp/webgoat/container/session/UserSessionData.java
[2026-01-29 15:52:06] [javac-extractor-91649] Processing file /Users/lousix/sec/CodeQL/JavaProject/WebGoat/src/main/java/org/owasp/webgoat/container/users/WebGoatUser.java
[2026-01-29 15:52:06] [javac-extractor-91649] Processing file /Users/lousix/sec/CodeQL/JavaProject/WebGoat/src/main/java/org/owasp/webgoat/container/lessons/Hint.java
[2026-01-29 15:52:06] [javac-extractor-91649] Processing file /Users/lousix/sec/CodeQL/JavaProject/WebGoat/src/main/java/org/owasp/webgoat/container/asciidoc/UsernameMacro.java
[2026-01-29 15:52:06] [javac-extractor-91649] Processing JAR file: /usr/local/apache-maven-3.5.4/repository/org/asciidoctor/asciidoctorj-api/2.5.10/asciidoctorj-api-2.5.10.jar
[2026-01-29 15:52:06] [javac-extractor-91649] Processing file /Users/lousix/sec/CodeQL/JavaProject/WebGoat/src/main/java/org/owasp/webgoat/lessons/sqlinjection/introduction/SqlInjection.java
[2026-01-29 15:52:06] [javac-extractor-91649] Processing file /Users/lousix/sec/CodeQL/JavaProject/WebGoat/src/main/java/org/owasp/webgoat/container/users/UserForm.java
[2026-01-29 15:52:06] [javac-extractor-91649] Processing JAR file: /usr/local/apache-maven-3.5.4/repository/jakarta/validation/jakarta.validation-api/3.0.2/jakarta.validation-api-3.0.2.jar
[2026-01-29 15:52:06] [javac-extractor-91649] Processing file /Users/lousix/sec/CodeQL/JavaProject/WebGoat/src/main/java/org/owasp/webgoat/container/asciidoc/WebGoatTmpDirMacro.java
[2026-01-29 15:52:06] [javac-extractor-91649] Processing module java.desktop
[2026-01-29 15:52:06] [javac-extractor-91649] Processing file /Users/lousix/sec/CodeQL/JavaProject/WebGoat/src/main/java/org/owasp/webgoat/lessons/webwolfintroduction/MailAssignment.java
[2026-01-29 15:52:06] [javac-extractor-91649] Processing JAR file: /usr/local/apache-maven-3.5.4/repository/org/apache/commons/commons-lang3/3.12.0/commons-lang3-3.12.0.jar
[2026-01-29 15:52:06] [javac-extractor-91649] Processing JAR file: /usr/local/apache-maven-3.5.4/repository/io/micrometer/micrometer-observation/1.11.5/micrometer-observation-1.11.5.jar
[2026-01-29 15:52:06] [javac-extractor-91649] Processing JAR file: /usr/local/apache-maven-3.5.4/repository/io/micrometer/micrometer-commons/1.11.5/micrometer-commons-1.11.5.jar
[2026-01-29 15:52:06] [javac-extractor-91649] Processing file /Users/lousix/sec/CodeQL/JavaProject/WebGoat/src/main/java/org/owasp/webgoat/lessons/jwt/JWT.java
[2026-01-29 15:52:06] [javac-extractor-91649] Processing file /Users/lousix/sec/CodeQL/JavaProject/WebGoat/src/main/java/org/owasp/webgoat/lessons/webwolfintroduction/LandingAssignment.java
[2026-01-29 15:52:06] [javac-extractor-91649] Processing file /Users/lousix/sec/CodeQL/JavaProject/WebGoat/src/main/java/org/owasp/webgoat/lessons/sqlinjection/introduction/SqlInjectionLesson8.java
[2026-01-29 15:52:06] [javac-extractor-91649] Processing module java.sql
[2026-01-29 15:52:06] [javac-extractor-91649] Processing module java.logging
[2026-01-29 15:52:06] [javac-extractor-91649] Processing module java.xml
[2026-01-29 15:52:06] [javac-extractor-91649] Processing file /Users/lousix/sec/CodeQL/JavaProject/WebGoat/src/main/java/org/owasp/webgoat/container/LessonDataSource.java
[2026-01-29 15:52:06] [javac-extractor-91649] Processing JAR file: /usr/local/apache-maven-3.5.4/repository/org/springframework/spring-jdbc/6.0.13/spring-jdbc-6.0.13.jar
[2026-01-29 15:52:06] [javac-extractor-91649] Processing file /Users/lousix/sec/CodeQL/JavaProject/WebGoat/src/main/java/org/owasp/webgoat/lessons/csrf/CSRFLogin.java
[2026-01-29 15:52:06] [javac-extractor-91649] Processing JAR file: /usr/local/apache-maven-3.5.4/repository/org/springframework/data/spring-data-commons/3.1.5/spring-data-commons-3.1.5.jar
[2026-01-29 15:52:06] [javac-extractor-91649] Processing JAR file: /usr/local/apache-maven-3.5.4/repository/org/springframework/data/spring-data-jpa/3.1.5/spring-data-jpa-3.1.5.jar
[2026-01-29 15:52:06] [javac-extractor-91649] Processing file /Users/lousix/sec/CodeQL/JavaProject/WebGoat/src/main/java/org/owasp/webgoat/container/users/UserTrackerRepository.java
[2026-01-29 15:52:07] [javac-extractor-91649] Processing file /Users/lousix/sec/CodeQL/JavaProject/WebGoat/src/main/java/org/owasp/webgoat/container/users/UserTracker.java
[2026-01-29 15:52:07] [javac-extractor-91649] Processing file /Users/lousix/sec/CodeQL/JavaProject/WebGoat/src/main/java/org/owasp/webgoat/container/users/LessonTracker.java
[2026-01-29 15:52:07] [javac-extractor-91649] Processing file /Users/lousix/sec/CodeQL/JavaProject/WebGoat/src/main/java/org/owasp/webgoat/lessons/idor/IDOR.java
[2026-01-29 15:52:07] [javac-extractor-91649] Processing file /Users/lousix/sec/CodeQL/JavaProject/WebGoat/src/main/java/org/owasp/webgoat/lessons/clientsidefiltering/ClientSideFiltering.java
[2026-01-29 15:52:07] [javac-extractor-91649] Processing file /Users/lousix/sec/CodeQL/JavaProject/WebGoat/src/main/java/org/owasp/webgoat/lessons/xss/CrossSiteScriptingLesson5a.java
[2026-01-29 15:52:07] [javac-extractor-91649] Processing file /Users/lousix/sec/CodeQL/JavaProject/WebGoat/src/main/java/org/owasp/webgoat/container/session/Course.java
[2026-01-29 15:52:07] [javac-extractor-91649] Processing file /Users/lousix/sec/CodeQL/JavaProject/WebGoat/src/main/java/org/owasp/webgoat/lessons/sqlinjection/mitigation/SqlOnlyInputValidation.java
[2026-01-29 15:52:07] [javac-extractor-91649] Processing file /Users/lousix/sec/CodeQL/JavaProject/WebGoat/src/main/java/org/owasp/webgoat/lessons/sqlinjection/advanced/SqlInjectionLesson6a.java
[2026-01-29 15:52:07] [javac-extractor-91649] Processing file /Users/lousix/sec/CodeQL/JavaProject/WebGoat/src/main/java/org/owasp/webgoat/lessons/vulnerablecomponents/VulnerableComponentsLesson.java
[2026-01-29 15:52:07] [javac-extractor-91649] Processing JAR file: /usr/local/apache-maven-3.5.4/repository/com/thoughtworks/xstream/xstream/1.4.5/xstream-1.4.5.jar
[2026-01-29 15:52:07] [javac-extractor-91649] Processing file /Users/lousix/sec/CodeQL/JavaProject/WebGoat/src/main/java/org/owasp/webgoat/lessons/httpbasics/HttpBasicsLesson.java
[2026-01-29 15:52:07] [javac-extractor-91649] Processing file /Users/lousix/sec/CodeQL/JavaProject/WebGoat/src/main/java/org/owasp/webgoat/webwolf/jwt/JWTController.java
[2026-01-29 15:52:07] [javac-extractor-91649] Processing file /Users/lousix/sec/CodeQL/JavaProject/WebGoat/src/main/java/org/owasp/webgoat/webwolf/jwt/JWTToken.java
[2026-01-29 15:52:08] [javac-extractor-91649] Processing JAR file: /usr/local/apache-maven-3.5.4/repository/com/fasterxml/jackson/core/jackson-core/2.15.3/jackson-core-2.15.3.jar
[2026-01-29 15:52:08] [javac-extractor-91649] Processing JAR file: /usr/local/apache-maven-3.5.4/repository/com/fasterxml/jackson/core/jackson-databind/2.15.3/jackson-databind-2.15.3.jar
[2026-01-29 15:52:08] [javac-extractor-91649] Processing JAR file: /usr/local/apache-maven-3.5.4/repository/org/bitbucket/b_c/jose4j/0.9.3/jose4j-0.9.3.jar
[2026-01-29 15:52:08] [javac-extractor-91649] Processing JAR file: /usr/local/apache-maven-3.5.4/repository/com/fasterxml/jackson/core/jackson-annotations/2.15.3/jackson-annotations-2.15.3.jar
[2026-01-29 15:52:08] [javac-extractor-91649] Processing file /Users/lousix/sec/CodeQL/JavaProject/WebGoat/src/main/java/org/owasp/webgoat/container/WebSecurityConfig.java
[2026-01-29 15:52:10] [javac-extractor-91649] Processing module java.datatransfer
[2026-01-29 15:52:10] [javac-extractor-91649] Processing JAR file: /usr/local/apache-maven-3.5.4/repository/org/springframework/security/spring-security-config/6.1.5/spring-security-config-6.1.5.jar
[2026-01-29 15:52:10] [javac-extractor-91649] Processing JAR file: /usr/local/apache-maven-3.5.4/repository/org/springframework/security/spring-security-crypto/6.1.5/spring-security-crypto-6.1.5.jar
[2026-01-29 15:52:10] [javac-extractor-91649] Processing JAR file: /usr/local/apache-maven-3.5.4/repository/org/springframework/security/spring-security-web/6.1.5/spring-security-web-6.1.5.jar
[2026-01-29 15:52:10] [javac-extractor-91649] Processing JAR file: /usr/local/apache-maven-3.5.4/repository/org/flywaydb/flyway-core/9.16.3/flyway-core-9.16.3.jar
[2026-01-29 15:52:10] [javac-extractor-91649] Processing JAR file: /usr/local/apache-maven-3.5.4/repository/org/springframework/spring-tx/6.0.13/spring-tx-6.0.13.jar
[2026-01-29 15:52:10] [javac-extractor-91649] Processing JAR file: /usr/local/apache-maven-3.5.4/repository/org/springframework/spring-aop/6.0.13/spring-aop-6.0.13.jar
[2026-01-29 15:52:10] [javac-extractor-91649] Processing JAR file: /usr/local/apache-maven-3.5.4/repository/org/springframework/spring-expression/6.0.13/spring-expression-6.0.13.jar
[2026-01-29 15:52:10] [javac-extractor-91649] Processing file /Users/lousix/sec/CodeQL/JavaProject/WebGoat/src/main/java/org/owasp/webgoat/container/users/UserService.java
[2026-01-29 15:52:10] [javac-extractor-91649] Processing file /Users/lousix/sec/CodeQL/JavaProject/WebGoat/src/main/java/org/owasp/webgoat/container/users/UserRepository.java
[2026-01-29 15:52:10] [javac-extractor-91649] Processing file /Users/lousix/sec/CodeQL/JavaProject/WebGoat/src/main/java/org/owasp/webgoat/lessons/xxe/SimpleXXE.java
[2026-01-29 15:52:10] [javac-extractor-91649] Processing JAR file: /usr/local/apache-maven-3.5.4/repository/org/apache/commons/commons-exec/1.3/commons-exec-1.3.jar
[2026-01-29 15:52:10] [javac-extractor-91649] Processing JAR file: /usr/local/apache-maven-3.5.4/repository/jakarta/xml/bind/jakarta.xml.bind-api/4.0.1/jakarta.xml.bind-api-4.0.1.jar
[2026-01-29 15:52:10] [javac-extractor-91649] Processing file /Users/lousix/sec/CodeQL/JavaProject/WebGoat/src/main/java/org/owasp/webgoat/lessons/xxe/CommentsCache.java
[2026-01-29 15:52:10] [javac-extractor-91649] Processing JAR file: /usr/local/apache-maven-3.5.4/repository/jakarta/activation/jakarta.activation-api/2.1.2/jakarta.activation-api-2.1.2.jar
[2026-01-29 15:52:10] [javac-extractor-91649] Processing file /Users/lousix/sec/CodeQL/JavaProject/WebGoat/src/main/java/org/owasp/webgoat/lessons/xxe/Comment.java
[2026-01-29 15:52:10] [javac-extractor-91649] Processing file /Users/lousix/sec/CodeQL/JavaProject/WebGoat/src/main/java/org/owasp/webgoat/lessons/httpbasics/HttpBasicsQuiz.java
[2026-01-29 15:52:10] [javac-extractor-91649] Processing file /Users/lousix/sec/CodeQL/JavaProject/WebGoat/src/main/java/org/owasp/webgoat/container/assignments/AssignmentPath.java
[2026-01-29 15:52:10] [javac-extractor-91649] Processing file /Users/lousix/sec/CodeQL/JavaProject/WebGoat/src/main/java/org/owasp/webgoat/container/controller/StartLesson.java
[2026-01-29 15:52:10] [javac-extractor-91649] Processing file /Users/lousix/sec/CodeQL/JavaProject/WebGoat/src/main/java/org/dummy/insecure/framework/VulnerableTaskHolder.java
[2026-01-29 15:52:10] [javac-extractor-91649] Processing file /Users/lousix/sec/CodeQL/JavaProject/WebGoat/src/main/java/org/owasp/webgoat/container/AsciiDoctorTemplateResolver.java
[2026-01-29 15:52:10] [javac-extractor-91649] Processing JAR file: /usr/local/apache-maven-3.5.4/repository/io/undertow/undertow-core/2.3.10.Final/undertow-core-2.3.10.Final.jar
[2026-01-29 15:52:11] [javac-extractor-91649] Processing file /Users/lousix/sec/CodeQL/JavaProject/WebGoat/src/main/java/org/owasp/webgoat/lessons/passwordreset/ResetLinkAssignment.java
[2026-01-29 15:52:11] [javac-extractor-91649] Processing JAR file: /usr/local/apache-maven-3.5.4/repository/com/google/guava/guava/32.1.3-jre/guava-32.1.3-jre.jar
[2026-01-29 15:52:11] [javac-extractor-91649] Processing JAR file: /usr/local/apache-maven-3.5.4/repository/com/google/errorprone/error_prone_annotations/2.21.1/error_prone_annotations-2.21.1.jar
[2026-01-29 15:52:11] [javac-extractor-91649] Processing file /Users/lousix/sec/CodeQL/JavaProject/WebGoat/src/main/java/org/owasp/webgoat/lessons/passwordreset/resetlink/PasswordChangeForm.java
[2026-01-29 15:52:11] [javac-extractor-91649] Processing file /Users/lousix/sec/CodeQL/JavaProject/WebGoat/src/main/java/org/owasp/webgoat/lessons/vulnerablecomponents/Contact.java
[2026-01-29 15:52:11] [javac-extractor-91649] Processing file /Users/lousix/sec/CodeQL/JavaProject/WebGoat/src/main/java/org/owasp/webgoat/lessons/sqlinjection/advanced/SqlInjectionAdvanced.java
[2026-01-29 15:52:11] [javac-extractor-91649] Processing file /Users/lousix/sec/CodeQL/JavaProject/WebGoat/src/main/java/org/owasp/webgoat/lessons/securepasswords/SecurePasswordsAssignment.java
[2026-01-29 15:52:11] [javac-extractor-91649] Processing JAR file: /usr/local/apache-maven-3.5.4/repository/com/nulab-inc/zxcvbn/1.8.0/zxcvbn-1.8.0.jar
[2026-01-29 15:52:11] [javac-extractor-91649] Processing file /Users/lousix/sec/CodeQL/JavaProject/WebGoat/src/main/java/org/owasp/webgoat/lessons/cryptography/SecureDefaultsAssignment.java
[2026-01-29 15:52:11] [javac-extractor-91649] Processing file /Users/lousix/sec/CodeQL/JavaProject/WebGoat/src/main/java/org/owasp/webgoat/webwolf/mailbox/MailboxController.java
[2026-01-29 15:52:11] [javac-extractor-91649] Processing file /Users/lousix/sec/CodeQL/JavaProject/WebGoat/src/main/java/org/owasp/webgoat/webwolf/mailbox/MailboxRepository.java
[2026-01-29 15:52:11] [javac-extractor-91649] Processing file /Users/lousix/sec/CodeQL/JavaProject/WebGoat/src/main/java/org/owasp/webgoat/webwolf/mailbox/Email.java
[2026-01-29 15:52:11] [javac-extractor-91649] Processing file /Users/lousix/sec/CodeQL/JavaProject/WebGoat/src/main/java/org/owasp/webgoat/lessons/authbypass/VerifyAccount.java
[2026-01-29 15:52:11] [javac-extractor-91649] Processing file /Users/lousix/sec/CodeQL/JavaProject/WebGoat/src/main/java/org/owasp/webgoat/lessons/jwt/votes/Views.java
[2026-01-29 15:52:11] [javac-extractor-91649] Processing file /Users/lousix/sec/CodeQL/JavaProject/WebGoat/src/main/java/org/owasp/webgoat/lessons/hijacksession/HijackSession.java
[2026-01-29 15:52:11] [javac-extractor-91649] Processing file /Users/lousix/sec/CodeQL/JavaProject/WebGoat/src/main/java/org/owasp/webgoat/lessons/clientsidefiltering/Salaries.java
[2026-01-29 15:52:11] [javac-extractor-91649] Processing JAR file: /usr/local/apache-maven-3.5.4/repository/jakarta/annotation/jakarta.annotation-api/2.1.1/jakarta.annotation-api-2.1.1.jar
[2026-01-29 15:52:11] [javac-extractor-91649] Processing file /Users/lousix/sec/CodeQL/JavaProject/WebGoat/src/main/java/org/owasp/webgoat/lessons/challenges/SolutionConstants.java
[2026-01-29 15:52:11] [javac-extractor-91649] Processing file /Users/lousix/sec/CodeQL/JavaProject/WebGoat/src/main/java/org/owasp/webgoat/lessons/challenges/challenge1/Assignment1.java
[2026-01-29 15:52:11] [javac-extractor-91649] Processing file /Users/lousix/sec/CodeQL/JavaProject/WebGoat/src/main/java/org/owasp/webgoat/lessons/challenges/Flags.java
[2026-01-29 15:52:11] [javac-extractor-91649] Processing file /Users/lousix/sec/CodeQL/JavaProject/WebGoat/src/main/java/org/owasp/webgoat/lessons/challenges/Flag.java
[2026-01-29 15:52:11] [javac-extractor-91649] Processing file /Users/lousix/sec/CodeQL/JavaProject/WebGoat/src/main/java/org/owasp/webgoat/lessons/xxe/Ping.java
[2026-01-29 15:52:11] [javac-extractor-91649] Processing file /Users/lousix/sec/CodeQL/JavaProject/WebGoat/src/main/java/org/owasp/webgoat/lessons/csrf/Review.java
[2026-01-29 15:52:11] [javac-extractor-91649] Processing JAR file: /usr/local/apache-maven-3.5.4/repository/javax/xml/bind/jaxb-api/2.3.1/jaxb-api-2.3.1.jar
[2026-01-29 15:52:11] [javac-extractor-91649] Processing file /Users/lousix/sec/CodeQL/JavaProject/WebGoat/src/main/java/org/owasp/webgoat/lessons/missingac/MissingAccessControlUserRepository.java
[2026-01-29 15:52:11] [javac-extractor-91649] Processing file /Users/lousix/sec/CodeQL/JavaProject/WebGoat/src/main/java/org/owasp/webgoat/lessons/missingac/User.java
[2026-01-29 15:52:11] [javac-extractor-91649] Processing file /Users/lousix/sec/CodeQL/JavaProject/WebGoat/src/main/java/org/owasp/webgoat/container/lessons/LessonConnectionInvocationHandler.java
[2026-01-29 15:52:11] [javac-extractor-91649] Processing file /Users/lousix/sec/CodeQL/JavaProject/WebGoat/src/main/java/org/owasp/webgoat/lessons/lessontemplate/SampleAttack.java
[2026-01-29 15:52:11] [javac-extractor-91649] Processing file /Users/lousix/sec/CodeQL/JavaProject/WebGoat/src/main/java/org/owasp/webgoat/lessons/challenges/challenge8/Challenge8.java
[2026-01-29 15:52:11] [javac-extractor-91649] Processing file /Users/lousix/sec/CodeQL/JavaProject/WebGoat/src/main/java/org/owasp/webgoat/lessons/sqlinjection/introduction/SqlInjectionLesson5a.java
[2026-01-29 15:52:11] [javac-extractor-91649] Processing file /Users/lousix/sec/CodeQL/JavaProject/WebGoat/src/main/java/org/owasp/webgoat/lessons/challenges/challenge7/Challenge7.java
[2026-01-29 15:52:11] [javac-extractor-91649] Processing file /Users/lousix/sec/CodeQL/JavaProject/WebGoat/src/main/java/org/owasp/webgoat/container/lessons/LessonMenuItemType.java
[2026-01-29 15:52:11] [javac-extractor-91649] Processing file /Users/lousix/sec/CodeQL/JavaProject/WebGoat/src/main/java/org/owasp/webgoat/lessons/xss/CrossSiteScriptingLesson1.java
[2026-01-29 15:52:11] [javac-extractor-91649] Processing file /Users/lousix/sec/CodeQL/JavaProject/WebGoat/src/main/java/org/owasp/webgoat/lessons/jwt/JWTSecretKeyEndpoint.java
[2026-01-29 15:52:11] [javac-extractor-91649] Processing JAR file: /usr/local/apache-maven-3.5.4/repository/io/jsonwebtoken/jjwt/0.9.1/jjwt-0.9.1.jar
[2026-01-29 15:52:11] [javac-extractor-91649] Processing file /Users/lousix/sec/CodeQL/JavaProject/WebGoat/src/main/java/org/owasp/webgoat/lessons/bypassrestrictions/BypassRestrictionsFrontendValidation.java
[2026-01-29 15:52:11] [javac-extractor-91649] Processing file /Users/lousix/sec/CodeQL/JavaProject/WebGoat/src/main/java/org/owasp/webgoat/lessons/lessontemplate/LessonTemplate.java
[2026-01-29 15:52:11] [javac-extractor-91649] Processing file /Users/lousix/sec/CodeQL/JavaProject/WebGoat/src/main/java/org/owasp/webgoat/lessons/xxe/User.java
[2026-01-29 15:52:11] [javac-extractor-91649] Processing file /Users/lousix/sec/CodeQL/JavaProject/WebGoat/src/main/java/org/owasp/webgoat/lessons/hijacksession/cas/HijackSessionAuthenticationProvider.java
[2026-01-29 15:52:11] [javac-extractor-91649] Processing file /Users/lousix/sec/CodeQL/JavaProject/WebGoat/src/main/java/org/owasp/webgoat/lessons/hijacksession/cas/AuthenticationProvider.java
[2026-01-29 15:52:11] [javac-extractor-91649] Processing file /Users/lousix/sec/CodeQL/JavaProject/WebGoat/src/main/java/org/owasp/webgoat/container/lessons/LessonInfoModel.java
[2026-01-29 15:52:11] [javac-extractor-91649] Processing file /Users/lousix/sec/CodeQL/JavaProject/WebGoat/src/main/java/org/owasp/webgoat/lessons/idor/IDORViewOwnProfileAltUrl.java
[2026-01-29 15:52:11] [javac-extractor-91649] Processing file /Users/lousix/sec/CodeQL/JavaProject/WebGoat/src/main/java/org/owasp/webgoat/lessons/challenges/challenge5/Assignment5.java
[2026-01-29 15:52:11] [javac-extractor-91649] Processing file /Users/lousix/sec/CodeQL/JavaProject/WebGoat/src/main/java/org/owasp/webgoat/lessons/ssrf/SSRFTask2.java
[2026-01-29 15:52:11] [javac-extractor-91649] Processing file /Users/lousix/sec/CodeQL/JavaProject/WebGoat/src/main/java/org/owasp/webgoat/container/users/Scoreboard.java
[2026-01-29 15:52:11] [javac-extractor-91649] Processing file /Users/lousix/sec/CodeQL/JavaProject/WebGoat/src/main/java/org/owasp/webgoat/lessons/httpbasics/HttpBasics.java
[2026-01-29 15:52:11] [javac-extractor-91649] Processing file /Users/lousix/sec/CodeQL/JavaProject/WebGoat/src/main/java/org/owasp/webgoat/lessons/passwordreset/PasswordReset.java
[2026-01-29 15:52:11] [javac-extractor-91649] Processing file /Users/lousix/sec/CodeQL/JavaProject/WebGoat/src/main/java/org/owasp/webgoat/container/WebWolfRedirect.java
[2026-01-29 15:52:11] [javac-extractor-91649] Processing file /Users/lousix/sec/CodeQL/JavaProject/WebGoat/src/main/java/org/owasp/webgoat/lessons/xss/CrossSiteScriptingLesson6a.java
[2026-01-29 15:52:12] [javac-extractor-91649] Processing file /Users/lousix/sec/CodeQL/JavaProject/WebGoat/src/main/java/org/owasp/webgoat/lessons/chromedevtools/ChromeDevTools.java
[2026-01-29 15:52:12] [javac-extractor-91649] Processing file /Users/lousix/sec/CodeQL/JavaProject/WebGoat/src/main/java/org/owasp/webgoat/webwolf/requests/Requests.java
[2026-01-29 15:52:12] [javac-extractor-91649] Processing JAR file: /usr/local/apache-maven-3.5.4/repository/org/springframework/boot/spring-boot-actuator/3.1.5/spring-boot-actuator-3.1.5.jar
[2026-01-29 15:52:12] [javac-extractor-91649] Processing file /Users/lousix/sec/CodeQL/JavaProject/WebGoat/src/main/java/org/owasp/webgoat/webwolf/requests/WebWolfTraceRepository.java
[2026-01-29 15:52:12] [javac-extractor-91649] Processing file /Users/lousix/sec/CodeQL/JavaProject/WebGoat/src/main/java/org/owasp/webgoat/lessons/xss/stored/CrossSiteScriptingStored.java
[2026-01-29 15:52:12] [javac-extractor-91649] Processing file /Users/lousix/sec/CodeQL/JavaProject/WebGoat/src/main/java/org/owasp/webgoat/container/lessons/CourseConfiguration.java
[2026-01-29 15:52:12] [javac-extractor-91649] Processing file /Users/lousix/sec/CodeQL/JavaProject/WebGoat/src/main/java/org/owasp/webgoat/webwolf/requests/LandingPage.java
[2026-01-29 15:52:12] [javac-extractor-91649] Processing file /Users/lousix/sec/CodeQL/JavaProject/WebGoat/src/main/java/org/owasp/webgoat/container/asciidoc/OperatingSystemMacro.java
[2026-01-29 15:52:12] [javac-extractor-91649] Processing file /Users/lousix/sec/CodeQL/JavaProject/WebGoat/src/main/java/org/owasp/webgoat/container/service/LabelService.java
[2026-01-29 15:52:12] [javac-extractor-91649] Processing file /Users/lousix/sec/CodeQL/JavaProject/WebGoat/src/main/java/org/owasp/webgoat/lessons/jwt/JWTDecodeEndpoint.java
[2026-01-29 15:52:12] [javac-extractor-91649] Processing file /Users/lousix/sec/CodeQL/JavaProject/WebGoat/src/main/java/org/owasp/webgoat/lessons/xss/DOMCrossSiteScripting.java
[2026-01-29 15:52:12] [javac-extractor-91649] Processing file /Users/lousix/sec/CodeQL/JavaProject/WebGoat/src/main/java/org/owasp/webgoat/lessons/csrf/CSRFGetFlag.java
[2026-01-29 15:52:12] [javac-extractor-91649] Processing file /Users/lousix/sec/CodeQL/JavaProject/WebGoat/src/main/java/org/owasp/webgoat/lessons/cia/CIAQuiz.java
[2026-01-29 15:52:12] [javac-extractor-91649] Processing file /Users/lousix/sec/CodeQL/JavaProject/WebGoat/src/main/java/org/owasp/webgoat/lessons/chromedevtools/NetworkDummy.java
[2026-01-29 15:52:12] [javac-extractor-91649] Processing file /Users/lousix/sec/CodeQL/JavaProject/WebGoat/src/main/java/org/owasp/webgoat/lessons/challenges/challenge7/Assignment7.java
[2026-01-29 15:52:12] [javac-extractor-91649] Processing file /Users/lousix/sec/CodeQL/JavaProject/WebGoat/src/main/java/org/owasp/webgoat/lessons/sqlinjection/advanced/SqlInjectionChallengeLogin.java
[2026-01-29 15:52:12] [javac-extractor-91649] Processing file /Users/lousix/sec/CodeQL/JavaProject/WebGoat/src/main/java/org/owasp/webgoat/lessons/sqlinjection/introduction/SqlInjectionLesson10.java
[2026-01-29 15:52:12] [javac-extractor-91649] Processing file /Users/lousix/sec/CodeQL/JavaProject/WebGoat/src/main/java/org/owasp/webgoat/lessons/pathtraversal/ProfileUpload.java
[2026-01-29 15:52:12] [javac-extractor-91649] Processing file /Users/lousix/sec/CodeQL/JavaProject/WebGoat/src/main/java/org/owasp/webgoat/lessons/pathtraversal/ProfileUploadBase.java
[2026-01-29 15:52:12] [javac-extractor-91649] Processing JAR file: /usr/local/apache-maven-3.5.4/repository/commons-io/commons-io/2.14.0/commons-io-2.14.0.jar
[2026-01-29 15:52:12] [javac-extractor-91649] Processing file /Users/lousix/sec/CodeQL/JavaProject/WebGoat/src/main/java/org/owasp/webgoat/webwolf/user/UserService.java
[2026-01-29 15:52:12] [javac-extractor-91649] Processing file /Users/lousix/sec/CodeQL/JavaProject/WebGoat/src/main/java/org/owasp/webgoat/webwolf/user/UserRepository.java
[2026-01-29 15:52:12] [javac-extractor-91649] Processing file /Users/lousix/sec/CodeQL/JavaProject/WebGoat/src/main/java/org/owasp/webgoat/webwolf/user/WebGoatUser.java
[2026-01-29 15:52:12] [javac-extractor-91649] Processing file /Users/lousix/sec/CodeQL/JavaProject/WebGoat/src/main/java/org/owasp/webgoat/lessons/cryptography/EncodingAssignment.java
[2026-01-29 15:52:12] [javac-extractor-91649] Processing file /Users/lousix/sec/CodeQL/JavaProject/WebGoat/src/main/java/org/owasp/webgoat/lessons/missingac/MissingFunctionAC.java
[2026-01-29 15:52:12] [javac-extractor-91649] Processing file /Users/lousix/sec/CodeQL/JavaProject/WebGoat/src/main/java/org/owasp/webgoat/lessons/missingac/MissingFunctionACYourHashAdmin.java
[2026-01-29 15:52:12] [javac-extractor-91649] Processing file /Users/lousix/sec/CodeQL/JavaProject/WebGoat/src/main/java/org/owasp/webgoat/lessons/csrf/ForgedReviews.java
[2026-01-29 15:52:12] [javac-extractor-91649] Processing file /Users/lousix/sec/CodeQL/JavaProject/WebGoat/src/main/java/org/owasp/webgoat/lessons/idor/UserProfile.java
[2026-01-29 15:52:12] [javac-extractor-91649] Processing file /Users/lousix/sec/CodeQL/JavaProject/WebGoat/src/main/java/org/owasp/webgoat/lessons/xss/CrossSiteScriptingLesson3.java
[2026-01-29 15:52:12] [javac-extractor-91649] Processing JAR file: /usr/local/apache-maven-3.5.4/repository/org/jsoup/jsoup/1.16.1/jsoup-1.16.1.jar
[2026-01-29 15:52:12] [javac-extractor-91649] Processing file /Users/lousix/sec/CodeQL/JavaProject/WebGoat/src/main/java/org/owasp/webgoat/lessons/pathtraversal/ProfileUploadFix.java
[2026-01-29 15:52:12] [javac-extractor-91649] Processing file /Users/lousix/sec/CodeQL/JavaProject/WebGoat/src/main/java/org/owasp/webgoat/lessons/xxe/ContentTypeAssignment.java
[2026-01-29 15:52:12] [javac-extractor-91649] Processing file /Users/lousix/sec/CodeQL/JavaProject/WebGoat/src/main/java/org/owasp/webgoat/lessons/missingac/DisplayUser.java
[2026-01-29 15:52:12] [javac-extractor-91649] Processing file /Users/lousix/sec/CodeQL/JavaProject/WebGoat/src/main/java/org/owasp/webgoat/container/lessons/LessonMenuItem.java
[2026-01-29 15:52:12] [javac-extractor-91649] Processing file /Users/lousix/sec/CodeQL/JavaProject/WebGoat/src/main/java/org/owasp/webgoat/container/service/LessonMenuService.java
[2026-01-29 15:52:12] [javac-extractor-91649] Processing file /Users/lousix/sec/CodeQL/JavaProject/WebGoat/src/main/java/org/owasp/webgoat/container/session/LabelDebugger.java
[2026-01-29 15:52:12] [javac-extractor-91649] Processing file /Users/lousix/sec/CodeQL/JavaProject/WebGoat/src/main/java/org/owasp/webgoat/lessons/missingac/MissingFunctionACYourHash.java
[2026-01-29 15:52:12] [javac-extractor-91649] Processing file /Users/lousix/sec/CodeQL/JavaProject/WebGoat/src/main/java/org/owasp/webgoat/lessons/vulnerablecomponents/ContactImpl.java
[2026-01-29 15:52:12] [javac-extractor-91649] Processing file /Users/lousix/sec/CodeQL/JavaProject/WebGoat/src/main/java/org/owasp/webgoat/container/AjaxAuthenticationEntryPoint.java
[2026-01-29 15:52:12] [javac-extractor-91649] Processing file /Users/lousix/sec/CodeQL/JavaProject/WebGoat/src/main/java/org/owasp/webgoat/lessons/hijacksession/HijackSessionAssignment.java
[2026-01-29 15:52:12] [javac-extractor-91649] Processing file /Users/lousix/sec/CodeQL/JavaProject/WebGoat/src/main/java/org/owasp/webgoat/server/StartWebGoat.java
